// Jest Snapshot v1, https://goo.gl/fbAQLP

exports[`Match the snapshot 1`] = `
<DocumentFragment>
  <header
    class="MuiPaper-root MuiAppBar-root MuiAppBar-positionStatic MuiAppBar-colorPrimary MuiPaper-elevation4"
  >
    <div
      class="MuiTabs-root"
    >
      <div
        class="MuiTabs-scrollable"
        style="width: 99px; height: 99px; position: absolute; top: -9999px; overflow: scroll;"
      />
      <div
        class="MuiTabs-scroller MuiTabs-scrollable"
        style="margin-bottom: 0px;"
      >
        <div
          class="MuiTabs-flexContainer"
          role="tablist"
        >
          <a
            aria-disabled="false"
            aria-selected="false"
            class="MuiButtonBase-root MuiTab-root MuiTab-textColorInherit"
            href="/"
            role="tab"
            tabindex="0"
          >
            <span
              class="MuiTab-wrapper"
            >
              Summary
            </span>
            <span
              class="MuiTouchRipple-root"
            />
          </a>
          <a
            aria-disabled="false"
            aria-selected="false"
            class="MuiButtonBase-root MuiTab-root MuiTab-textColorInherit"
            href="/apache"
            role="tab"
            tabindex="0"
          >
            <span
              class="MuiTab-wrapper"
            >
              Apache
            </span>
            <span
              class="MuiTouchRipple-root"
            />
          </a>
          <a
            aria-disabled="false"
            aria-selected="false"
            class="MuiButtonBase-root MuiTab-root MuiTab-textColorInherit"
            href="/architecture"
            role="tab"
            tabindex="0"
          >
            <span
              class="MuiTab-wrapper"
            >
              Architecture
            </span>
            <span
              class="MuiTouchRipple-root"
            />
          </a>
          <a
            aria-disabled="false"
            aria-selected="false"
            class="MuiButtonBase-root MuiTab-root MuiTab-textColorInherit"
            href="/aws"
            role="tab"
            tabindex="0"
          >
            <span
              class="MuiTab-wrapper"
            >
              AWS
            </span>
            <span
              class="MuiTouchRipple-root"
            />
          </a>
          <a
            aria-disabled="false"
            aria-selected="false"
            class="MuiButtonBase-root MuiTab-root MuiTab-textColorInherit"
            href="/browser"
            role="tab"
            tabindex="0"
          >
            <span
              class="MuiTab-wrapper"
            >
              Browser
            </span>
            <span
              class="MuiTouchRipple-root"
            />
          </a>
          <a
            aria-disabled="false"
            aria-selected="false"
            class="MuiButtonBase-root MuiTab-root MuiTab-textColorInherit"
            href="/build"
            role="tab"
            tabindex="0"
          >
            <span
              class="MuiTab-wrapper"
            >
              Build
            </span>
            <span
              class="MuiTouchRipple-root"
            />
          </a>
          <a
            aria-disabled="false"
            aria-selected="false"
            class="MuiButtonBase-root MuiTab-root MuiTab-textColorInherit"
            href="/ci"
            role="tab"
            tabindex="0"
          >
            <span
              class="MuiTab-wrapper"
            >
              CI
            </span>
            <span
              class="MuiTouchRipple-root"
            />
          </a>
          <a
            aria-disabled="false"
            aria-selected="false"
            class="MuiButtonBase-root MuiTab-root MuiTab-textColorInherit"
            href="/compiler"
            role="tab"
            tabindex="0"
          >
            <span
              class="MuiTab-wrapper"
            >
              Compiler
            </span>
            <span
              class="MuiTouchRipple-root"
            />
          </a>
          <a
            aria-disabled="false"
            aria-selected="false"
            class="MuiButtonBase-root MuiTab-root MuiTab-textColorInherit"
            href="/css"
            role="tab"
            tabindex="0"
          >
            <span
              class="MuiTab-wrapper"
            >
              CSS
            </span>
            <span
              class="MuiTouchRipple-root"
            />
          </a>
          <a
            aria-disabled="false"
            aria-selected="false"
            class="MuiButtonBase-root MuiTab-root MuiTab-textColorInherit"
            href="/db"
            role="tab"
            tabindex="0"
          >
            <span
              class="MuiTab-wrapper"
            >
              DB
            </span>
            <span
              class="MuiTouchRipple-root"
            />
          </a>
          <a
            aria-disabled="false"
            aria-selected="false"
            class="MuiButtonBase-root MuiTab-root MuiTab-textColorInherit"
            href="/design"
            role="tab"
            tabindex="0"
          >
            <span
              class="MuiTab-wrapper"
            >
              Design
            </span>
            <span
              class="MuiTouchRipple-root"
            />
          </a>
          <a
            aria-disabled="false"
            aria-selected="false"
            class="MuiButtonBase-root MuiTab-root MuiTab-textColorInherit"
            href="/docker"
            role="tab"
            tabindex="0"
          >
            <span
              class="MuiTab-wrapper"
            >
              Docker
            </span>
            <span
              class="MuiTouchRipple-root"
            />
          </a>
          <a
            aria-disabled="false"
            aria-selected="false"
            class="MuiButtonBase-root MuiTab-root MuiTab-textColorInherit"
            href="/firebase"
            role="tab"
            tabindex="0"
          >
            <span
              class="MuiTab-wrapper"
            >
              Firebase
            </span>
            <span
              class="MuiTouchRipple-root"
            />
          </a>
          <a
            aria-disabled="false"
            aria-selected="false"
            class="MuiButtonBase-root MuiTab-root MuiTab-textColorInherit"
            href="/go"
            role="tab"
            tabindex="0"
          >
            <span
              class="MuiTab-wrapper"
            >
              Go
            </span>
            <span
              class="MuiTouchRipple-root"
            />
          </a>
          <a
            aria-disabled="false"
            aria-selected="false"
            class="MuiButtonBase-root MuiTab-root MuiTab-textColorInherit"
            href="/hardware"
            role="tab"
            tabindex="0"
          >
            <span
              class="MuiTab-wrapper"
            >
              Hardware
            </span>
            <span
              class="MuiTouchRipple-root"
            />
          </a>
          <a
            aria-disabled="false"
            aria-selected="false"
            class="MuiButtonBase-root MuiTab-root MuiTab-textColorInherit"
            href="/html"
            role="tab"
            tabindex="0"
          >
            <span
              class="MuiTab-wrapper"
            >
              HTML
            </span>
            <span
              class="MuiTouchRipple-root"
            />
          </a>
          <a
            aria-disabled="false"
            aria-selected="false"
            class="MuiButtonBase-root MuiTab-root MuiTab-textColorInherit"
            href="/js"
            role="tab"
            tabindex="0"
          >
            <span
              class="MuiTab-wrapper"
            >
              JS
            </span>
            <span
              class="MuiTouchRipple-root"
            />
          </a>
          <a
            aria-disabled="false"
            aria-selected="false"
            class="MuiButtonBase-root MuiTab-root MuiTab-textColorInherit"
            href="/language"
            role="tab"
            tabindex="0"
          >
            <span
              class="MuiTab-wrapper"
            >
              Language
            </span>
            <span
              class="MuiTouchRipple-root"
            />
          </a>
          <a
            aria-disabled="false"
            aria-selected="false"
            class="MuiButtonBase-root MuiTab-root MuiTab-textColorInherit"
            href="/ml"
            role="tab"
            tabindex="0"
          >
            <span
              class="MuiTab-wrapper"
            >
              ML
            </span>
            <span
              class="MuiTouchRipple-root"
            />
          </a>
          <a
            aria-disabled="false"
            aria-selected="false"
            class="MuiButtonBase-root MuiTab-root MuiTab-textColorInherit"
            href="/mobile"
            role="tab"
            tabindex="0"
          >
            <span
              class="MuiTab-wrapper"
            >
              Mobile
            </span>
            <span
              class="MuiTouchRipple-root"
            />
          </a>
          <a
            aria-disabled="false"
            aria-selected="false"
            class="MuiButtonBase-root MuiTab-root MuiTab-textColorInherit"
            href="/network"
            role="tab"
            tabindex="0"
          >
            <span
              class="MuiTab-wrapper"
            >
              Network
            </span>
            <span
              class="MuiTouchRipple-root"
            />
          </a>
          <a
            aria-disabled="false"
            aria-selected="false"
            class="MuiButtonBase-root MuiTab-root MuiTab-textColorInherit"
            href="/package-manager"
            role="tab"
            tabindex="0"
          >
            <span
              class="MuiTab-wrapper"
            >
              Package Manager
            </span>
            <span
              class="MuiTouchRipple-root"
            />
          </a>
          <a
            aria-disabled="false"
            aria-selected="false"
            class="MuiButtonBase-root MuiTab-root MuiTab-textColorInherit"
            href="/programming"
            role="tab"
            tabindex="0"
          >
            <span
              class="MuiTab-wrapper"
            >
              Programming
            </span>
            <span
              class="MuiTouchRipple-root"
            />
          </a>
          <a
            aria-disabled="false"
            aria-selected="false"
            class="MuiButtonBase-root MuiTab-root MuiTab-textColorInherit"
            href="/python"
            role="tab"
            tabindex="0"
          >
            <span
              class="MuiTab-wrapper"
            >
              Python
            </span>
            <span
              class="MuiTouchRipple-root"
            />
          </a>
          <a
            aria-disabled="false"
            aria-selected="true"
            class="MuiButtonBase-root MuiTab-root MuiTab-textColorInherit Mui-selected"
            href="/react"
            role="tab"
            tabindex="0"
          >
            <span
              class="MuiTab-wrapper"
            >
              React
            </span>
            <span
              class="MuiTouchRipple-root"
            />
          </a>
          <a
            aria-disabled="false"
            aria-selected="false"
            class="MuiButtonBase-root MuiTab-root MuiTab-textColorInherit"
            href="/scala"
            role="tab"
            tabindex="0"
          >
            <span
              class="MuiTab-wrapper"
            >
              Scala
            </span>
            <span
              class="MuiTouchRipple-root"
            />
          </a>
          <a
            aria-disabled="false"
            aria-selected="false"
            class="MuiButtonBase-root MuiTab-root MuiTab-textColorInherit"
            href="/server"
            role="tab"
            tabindex="0"
          >
            <span
              class="MuiTab-wrapper"
            >
              Server
            </span>
            <span
              class="MuiTouchRipple-root"
            />
          </a>
          <a
            aria-disabled="false"
            aria-selected="false"
            class="MuiButtonBase-root MuiTab-root MuiTab-textColorInherit"
            href="/swift"
            role="tab"
            tabindex="0"
          >
            <span
              class="MuiTab-wrapper"
            >
              Swift
            </span>
            <span
              class="MuiTouchRipple-root"
            />
          </a>
          <a
            aria-disabled="false"
            aria-selected="false"
            class="MuiButtonBase-root MuiTab-root MuiTab-textColorInherit"
            href="/vue"
            role="tab"
            tabindex="0"
          >
            <span
              class="MuiTab-wrapper"
            >
              Vue.js
            </span>
            <span
              class="MuiTouchRipple-root"
            />
          </a>
          <a
            aria-disabled="false"
            aria-selected="false"
            class="MuiButtonBase-root MuiTab-root MuiTab-textColorInherit"
            href="/words"
            role="tab"
            tabindex="0"
          >
            <span
              class="MuiTab-wrapper"
            >
              Words
            </span>
            <span
              class="MuiTouchRipple-root"
            />
          </a>
          <a
            aria-disabled="false"
            aria-selected="false"
            class="MuiButtonBase-root MuiTab-root MuiTab-textColorInherit"
            href="/workflow-engine"
            role="tab"
            tabindex="0"
          >
            <span
              class="MuiTab-wrapper"
            >
              Workflow Engine
            </span>
            <span
              class="MuiTouchRipple-root"
            />
          </a>
        </div>
        <span
          class="PrivateTabIndicator-root-141 PrivateTabIndicator-colorSecondary-143 MuiTabs-indicator"
          style="left: 0px; width: 0px;"
        />
      </div>
    </div>
  </header>
</DocumentFragment>
`;
