// Jest Snapshot v1, https://goo.gl/fbAQLP

exports[`Match the snapshot 1`] = `
<DocumentFragment>
  <pre
    style="color: rgb(197, 200, 198); text-shadow: 0 1px rgba(0, 0, 0, 0.3); font-family: Inconsolata, Monaco, Consolas, 'Courier New', Courier, monospace; direction: ltr; text-align: left; white-space: pre; word-spacing: normal; word-break: normal; line-height: 1.5; tab-size: 4; hyphens: none; padding: 1em; margin: .5em 0px; overflow: auto; border-radius: 0.3em; background: rgb(29, 31, 33);"
  >
    <code
      class="language-javascript"
      style="color: rgb(197, 200, 198); text-shadow: 0 1px rgba(0, 0, 0, 0.3); font-family: Inconsolata, Monaco, Consolas, 'Courier New', Courier, monospace; direction: ltr; text-align: left; white-space: pre; word-spacing: normal; word-break: normal; line-height: 1.5; tab-size: 4; hyphens: none;"
    >
      <span
        class="linenumber react-syntax-highlighter-line-number"
        style="display: inline-block; min-width: 1.25em; padding-right: 1em; text-align: right; user-select: none; color: rgb(124, 124, 124);"
      >
        1
      </span>
      <span>
        test
      </span>
    </code>
  </pre>
</DocumentFragment>
`;
