// Jest Snapshot v1, https://goo.gl/fbAQLP

exports[`Match the snapshot 1`] = `"<div class=\\"MuiPaper-root-2 MuiPaper-elevation1-5 MuiPaper-rounded-3 MuiCard-root-1\\"><div class=\\"MuiCardHeader-root-29\\" data-test=\\"id\\"><div class=\\"MuiCardHeader-content-32\\"><span class=\\"MuiTypography-root-35 MuiTypography-headline-40 MuiCardHeader-title-33\\"><h3>React</h3></span></div></div><div class=\\"MuiCardContent-root-60\\" data-test=\\"titles\\"><span class=\\"sc-AykKC kmnPzN\\"><div role=\\"button\\" class=\\"MuiChip-root-61\\" tabindex=\\"-1\\"><span class=\\"MuiChip-label-74\\">React</span></div></span><span class=\\"sc-AykKC kmnPzN\\"><div role=\\"button\\" class=\\"MuiChip-root-61\\" tabindex=\\"-1\\"><span class=\\"MuiChip-label-74\\">React.js</span></div></span></div><div class=\\"MuiCardContent-root-60\\" data-test=\\"description\\"><p>It a React</p></div></div>"`;
