// Jest Snapshot v1, https://goo.gl/fbAQLP

exports[`Match the snapshot 1`] = `
"<div class=\\"MuiPaper-root-2 MuiPaper-elevation1-5 MuiPaper-rounded-3 MuiCard-root-1\\"><div class=\\"MuiCardHeader-root-29\\" data-test=\\"id\\"><div class=\\"MuiCardHeader-content-32\\"><span class=\\"MuiTypography-root-35 MuiTypography-headline-40 MuiCardHeader-title-33\\"><b>React</b></span></div></div><div class=\\"MuiCardContent-root-59\\" data-test=\\"titles\\"><div role=\\"button\\" class=\\"MuiChip-root-60\\" tabindex=\\"-1\\"><span class=\\"MuiChip-label-65\\">React</span></div><div role=\\"button\\" class=\\"MuiChip-root-60\\" tabindex=\\"-1\\"><span class=\\"MuiChip-label-65\\">React.js</span></div></div><div class=\\"MuiCardContent-root-59\\" data-test=\\"description\\"><div>It a 
React</div></div></div>"
`;
